12-May-20 16:16:02 [WARNING]  * Debugger is active!
12-May-20 16:16:02 [INFO]  * Debugger PIN: 184-655-967
12-May-20 16:16:03 [INFO]  * Detected change in '/Users/arvindersingh/quizapp/backend/app.py', reloading
12-May-20 16:16:03 [WARNING]  * Debugger is active!
12-May-20 16:16:03 [INFO]  * Debugger PIN: 184-655-967
12-May-20 16:16:21 [INFO]  * Detected change in '/Users/arvindersingh/quizapp/backend/app.py', reloading
12-May-20 16:16:38 [INFO]  * Running on http://0.0.0.0:5000/ (Press CTRL+C to quit)
12-May-20 16:16:38 [INFO]  * Restarting with stat
12-May-20 16:16:38 [WARNING]  * Debugger is active!
12-May-20 16:16:38 [INFO]  * Debugger PIN: 184-655-967
12-May-20 16:16:42 [INFO] 127.0.0.1 - - [12/May/2020 16:16:42] "[37mOPTIONS /login HTTP/1.1[0m" 200 -
